
> next-ventas@0.1.0 build
> next build

   Ôû▓ Next.js 15.1.7
   - Environments: .env.local

   Creating an optimized production build ...
